<?xml version="1.0" encoding="utf-8"?><testsuites name="pytest tests"><testsuite name="pytest" errors="0" failures="0" skipped="0" tests="15" time="10.667" timestamp="2026-04-22T20:56:58.181918-05:00" hostname="Us-Mac-Studio.local"><testcase classname="tests.api.test_api.TestBatchPipeline" name="test_should_failed_unkown_column_1" time="0.004" /><testcase classname="tests.api.test_api.TestBatchPipeline" name="test_should_failed_unkown_column_2" time="0.002" /><testcase classname="tests.api.test_api.TestBatchPipeline" name="test_should_failed_unkown_column_3" time="0.002" /><testcase classname="tests.api.test_api.TestBatchPipeline" name="test_should_get_predict" time="0.008" /><testcase classname="tests.model.test_model.TestModel" name="test_feature_alignment" time="0.066" /><testcase classname="tests.model.test_model.TestModel" name="test_get_min_diff" time="0.064" /><testcase classname="tests.model.test_model.TestModel" name="test_model_fit" time="2.901" /><testcase classname="tests.model.test_model.TestModel" name="test_model_persistence" time="2.987" /><testcase classname="tests.model.test_model.TestModel" name="test_model_predict" time="0.097" /><testcase classname="tests.model.test_model.TestModel" name="test_model_preprocess_for_serving" time="0.069" /><testcase classname="tests.model.test_model.TestModel" name="test_model_preprocess_for_training" time="1.352" /><testcase classname="tests.model.test_model.TestModel" name="test_predict_output_values_are_binary" time="0.090" /><testcase classname="tests.model.test_model.TestModel" name="test_predict_single_flight" time="0.067" /><testcase classname="tests.model.test_model.TestModel" name="test_preprocess_api_input" time="0.064" /><testcase classname="tests.model.test_model.TestModel" name="test_preprocess_target_delay_values" time="1.343" /></testsuite></testsuites>